   0.000020899s  INFO gd_server::server: gdls 3.0.0 starting on stdio
   0.049611025s  INFO gd_server::server: gdls ready (root=/home/kuru/dev/pixelorama, encoding=Utf16, strict=Godot)
   0.049927326s  INFO rss: rss sample phase="baseline" bytes=6074368 peak_bytes=6074368 baseline_bytes=5984256
   0.049954441s  INFO gd_server::server: memory budget resolved name="memory_budget_resolved" soft_cap_mb=582 hard_cap_mb=1164 source=BenchToml
   0.064121747s  INFO gd_server::server: watcher: armed on /home/kuru/dev/pixelorama in 14 ms
   0.115477610s  INFO cold_index{root=/home/kuru/dev/pixelorama}: gd_server::workspace: dialect: reading scripts as Godot 4.7 (origin: Declared, project.godot declared: Some((4, 7)))
   0.261517345s  INFO cold_index{root=/home/kuru/dev/pixelorama}: gd_server::api_dump: native API: using project-root extension_api.json (unmanaged; set extensionApiPath to pin it, or remove it to let gdls manage the dump)
   0.281394586s  INFO cold_index{root=/home/kuru/dev/pixelorama}: gd_server::workspace: cache: warm-start candidate found; stat-diffing 1130 cached files
   0.420155187s  INFO cold_index{root=/home/kuru/dev/pixelorama}: gd_server::workspace: warm_index: stat-diff complete: 120 unchanged, 249 reparsed, 0 added, 0 removed, 0 skipped (unreadable)
   0.420520171s  INFO cold_index{root=/home/kuru/dev/pixelorama}: gd_server::workspace: indexed 249 script(s); 98 class_name(s); 1036 native class(es)
   0.420634689s  INFO rss: rss sample phase="post_cold_index" bytes=41021440 peak_bytes=41021440 baseline_bytes=5984256
   0.429079079s  INFO reconcile{open_paths_len=0}: gd_server::workspace: cold_index_reconciled added=0 modified=0 removed=0 walked=1379 walk_errors=0 skipped_unreadable=0 skipped_non_utf8=0 mode=discover
   0.429167005s  INFO gd_server::server: post_cold_reconcile added=0 modified=0 removed=0 walked=1379
   0.445774867s  INFO rss: rss sample phase="post_watcher" bytes=47144960 peak_bytes=47144960 baseline_bytes=5984256
   0.449036876s  INFO rss: rss sample phase="post_watcher" bytes=47874048 peak_bytes=47874048 baseline_bytes=5984256
   0.499147193s  INFO rss: rss sample phase="post_watcher" bytes=62164992 peak_bytes=62164992 baseline_bytes=5984256
   0.553768661s  INFO rss: rss sample phase="post_watcher" bytes=85364736 peak_bytes=85364736 baseline_bytes=5984256
   0.618678436s  INFO rss: rss sample phase="post_watcher" bytes=116637696 peak_bytes=116637696 baseline_bytes=5984256
   0.678214541s  INFO rss: rss sample phase="post_watcher" bytes=137629696 peak_bytes=137629696 baseline_bytes=5984256
   0.749560147s  INFO rss: rss sample phase="post_watcher" bytes=164012032 peak_bytes=164012032 baseline_bytes=5984256
   1.073846876s  INFO rss: rss sample phase="shutdown" bytes=213856256 peak_bytes=213856256 baseline_bytes=5984256
   1.073867226s  INFO gd_server::server: session_peak_rss peak_bytes=213856256 baseline_bytes=5984256
   1.129048873s  INFO gd_server::server: gdls stopped
